{
   "ASCIIDOC" : {
      "AfterBody" : "'''\n++++\ninclude::_partials/_footer.html[]\n++++\n",
      "Body" : {
         "Page" : [
            {
               "PageBody" : {
                  "BodyPart" : [
                     {
                        "Paragraph" : "Free text. link:/local[Broken"
                     },
                     {
                        "Paragraph" : "Title] postfix."
                     },
                     {
                        "List" : {
                           "ListItem" : [
                              "* first list item",
                              "\n* second list item"
                           ]
                        }
                     },
                     {
                        "Comment" : "////\nsome comment\n\n3rd line of comment\n////"
                     },
                     {
                        "List" : ""
                     }
                  ]
               },
               "PageTitleLine" : {
                  "PageTitle" : "Title with 2 equal characters",
                  "PageTitleSize" : "=="
               }
            },
            {
               "PageBody" : {
                  "BodyPart" : [
                     {
                        "Source" : "[source,bash]\n----\nbrew install jenkins\n  verbatim text for code\n----"
                     },
                     {
                        "Source" : "[source, perl]\n----\nuse strict;\nuse warnings;\n----"
                     },
                     {
                        "Source" : "[source]\n----\n$ no language\n  provide\n  but it is still verbatim\n----"
                     },
                     {
                        "List" : ""
                     }
                  ]
               },
               "PageTitleLine" : {
                  "PageTitle" : "Title with 3 equal characters",
                  "PageTitleSize" : "==="
               }
            },
            {
               "PageBody" : {
                  "BodyPart" : [
                     {
                        "Special" : "[CAUTION]\n====\nThis text is to be handled as a paragraph of type caution.\n===="
                     },
                     {
                        "Paragraph" : "Regular paragraph."
                     },
                     {
                        "Special" : "[NOTE]\n====\nThis text is to be handled as a paragraph of type note.\n===="
                     },
                     {
                        "List" : ""
                     }
                  ]
               },
               "PageTitleLine" : {
                  "PageTitle" : "Special sections",
                  "PageTitleSize" : "==="
               }
            },
            {
               "PageBody" : {
                  "BodyPart" : [
                     {
                        "Paragraph" : "More text"
                     },
                     {
                        "List" : ""
                     }
                  ]
               },
               "PageTitleLine" : {
                  "PageTitle" : "End of page",
                  "PageTitleSize" : "==="
               }
            }
         ],
         "PageBody" : {
            "BodyPart" : [
               {
                  "Paragraph" : "Fee _text_"
               },
               {
                  "Paragraph" : "second line"
               },
               {
                  "Paragraph" : "More _text_  and an internal link: <<doc/developer#,Extend Asciidoc>> another link:../install[Other Link] and more"
               },
               {
                  "List" : ""
               }
            ]
         }
      },
      "Header" : {
         "Pair" : [
            {
               "Key" : "layout",
               "Value" : "documentation"
            },
            {
               "Key" : "title",
               "Value" : "Sample title"
            },
            {
               "Key" : "section",
               "Value" : "doc"
            }
         ]
      },
      "Ifdef" : "ifdef::backend-html5[]\n:description:\n:author:\n:email: address@googlegroups.com\n:sectanchors:\n:toc: left\n:notitle:\nendif::[]"
   }
}
